MemTotal:        3110312 kB
MemFree:          242308 kB
MemAvailable:    1845800 kB
Buffers:          189256 kB
Cached:          1423688 kB
SwapCached:            0 kB
Active:          1296632 kB
Inactive:         997680 kB
Active(anon):     534536 kB
Inactive(anon):   228876 kB
Active(file):     762096 kB
Inactive(file):   768804 kB
Unevictable:           0 kB
Mlocked:               0 kB
SwapTotal:       1734752 kB
SwapFree:        1728048 kB
Dirty:                 0 kB
Writeback:             0 kB
AnonPages:        681444 kB
Mapped:            53596 kB
Shmem:             82044 kB
Slab:             498548 kB
SReclaimable:     410488 kB
SUnreclaim:        88060 kB
KernelStack:       22656 kB
PageTables:        14148 kB
NFS_Unstable:          0 kB
Bounce:                0 kB
WritebackTmp:          0 kB
CommitLimit:     3289908 kB
Committed_AS:   11127788 kB
VmallocTotal:   34359738367 kB
VmallocUsed:       31424 kB
VmallocChunk:   34359674660 kB
AnonHugePages:    321536 kB
DirectMap4k:       83904 kB
DirectMap2M:     3086336 kB
